(lldb) po record
<CKRecord: 0x11dd93010; recordID=5B7C3441-3A4B-4778-A656-4E5305620B9D:(com.gmail.jun1ro1.TresorMockup_Zone:__defaultOwner__), recordChangeTag=9m, values={
active = 1;
createdAt = "2018-11-23 15:22:34 +0000";
current = 1;
password = Pm7cRXzA;
selectedAt = "2018-11-23 15:22:34 +0000";
site = "<CKReference: 0x2827a0c40; recordID=<CKRecordID: 0x2827a1e40; recordName=3BE02027-328C-45D2-8878-1ABAFCE973CC, zoneID=com.gmail.jun1ro1.TresorMockup_Zone:__defaultOwner__>>";
uuid = "5B7C3441-3A4B-4778-A656-4E5305620B9D";
}, recordType=Password>
{
creatorUserRecordID -> <CKRecordID: 0x2827a3920; recordName=__defaultOwner__, zoneID=_defaultZone:__defaultOwner__>
lastModifiedUserRecordID -> <CKRecordID: 0x2827a32a0; recordName=__defaultOwner__, zoneID=_defaultZone:__defaultOwner__>
creationDate -> 2018-11-23 15:22:38 +0000
modificationDate -> 2018-11-23 15:22:38 +0000
modifiedByDevice -> iPhone 5s
site -> <CKReference: 0x2827a0c40; recordID=<CKRecordID: 0x2827a1e40; recordName=3BE02027-328C-45D2-8878-1ABAFCE973CC, zoneID=com.gmail.jun1ro1.TresorMockup_Zone:__defaultOwner__>>
password -> "Pm7cRXzA"
current -> 1 (type q)
active -> 1 (type q)
selectedAt -> 2018-11-23 15:22:34 +0000
uuid -> "5B7C3441-3A4B-4778-A656-4E5305620B9D"
createdAt -> 2018-11-23 15:22:34 +0000
}

(lldb) po object
<TresorMockup.Password: 0x2804d0a00> (entity: Password; id: 0x2827a0420 <x-coredata:///Password/tBBE18335-7F15-4B55-A5E2-FF5282E0617A4> ; data: {
active = 1;
createdAt = "2018-11-23 15:22:40 +0000";
current = nil;
password = nil;
selectedAt = nil;
site = "0xb11ea38d69b905b1 <x-coredata://FA6A36BE-60F9-4C09-AFE9-9FE2663AFCE3/Site/p8>";
uuid = "5938BE7F-9E13-42EF-8130-BEEF9B509B8C";
})

00:23:35.692 0x283201b80 üíö DEBUG CloudKitManager.checkUpdates():221 - context fetch request = <NSFetchRequest: 0x280cfce70> (entity: Password; predicate: (uuid IN {"5B7C3441-3A4B-4778-A656-4E5305620B9D", "584B95AE-1DE2-4E94-A3DB-50F4A84D019F"}); sortDescriptors: ((null)); type: NSManagedObjectResultType; )
00:24:46.905 0x283201b80 üíö DEBUG CloudKitManager.checkUpdates():223 - context fetch result = Optional([<TresorMockup.Password: 0x2804c6080> (entity: Password; id: 0xb11ea38d69ad05b3 <x-coredata://FA6A36BE-60F9-4C09-AFE9-9FE2663AFCE3/Password/p13> ; data: {
active = 1;
createdAt = "2018-11-23 14:55:30 +0000";
current = 1;
password = PddQp1k4;
selectedAt = "2018-11-23 14:55:30 +0000";
site = "0xb11ea38d69b905b1 <x-coredata://FA6A36BE-60F9-4C09-AFE9-9FE2663AFCE3/Site/p8>";
uuid = "584B95AE-1DE2-4E94-A3DB-50F4A84D019F";
})])
00:24:46.909 0x283201b80 ‚ù§Ô∏è ERROR CloudKitManager.checkUpdates():278 - referenced ID is not found id = 467B1F95-8FA5-47C0-9B70-503BF2380926
0(lldb) po record
0:24:46.911 0x283201b80 ‚ù§Ô∏è ERROR CloudKitManager.checkUpdates():278 - referenced ID is not found id = FB645109-1FCC-4BD6-BDC4-2370A7539C06
00:24:59.206 0x283201b80 üíö DEBUG CloudKitManager.checkUpdates():308 - CKFetchRecordZoneChangesOperation obj = <TresorMockup.Site: 0x2804f3cf0> (entity: Site; id: 0xb11ea38d69b905b1 <x-coredata://FA6A36BE-60F9-4C09-AFE9-9FE2663AFCE3/Site/p8> ; data: {
active = 1;
charSet = 136331264;
createdAt = "2018-11-17 16:30:42 +0000";
loginAt = nil;
maxLength = 8;
memo = nil;
passwordCurrent = Pm7cRXzA;
passwords =     (
"0xb11ea38d69b905b3 <x-coredata://FA6A36BE-60F9-4C09-AFE9-9FE2663AFCE3/Password/p8>",
"0xb11ea38d69a105b3 <x-coredata://FA6A36BE-60F9-4C09-AFE9-9FE2663AFCE3/Password/p14>",
"0xb11ea38d69ad05b3 <x-coredata://FA6A36BE-60F9-4C09-AFE9-9FE2663AFCE3/Password/p13>",
"0x2827a0420 <x-coredata:///Password/tBBE18335-7F15-4B55-A5E2-FF5282E0617A4>"
);
selectAt = "2018-11-23 15:22:34 +0000"<CKRecord: 0x11dd93010; recordID=5B7C3441-3A4B-4778-A656-4E5305620B9D:(com.gmail.jun1ro1.TresorMockup_Zone:__defaultOwner__), recordChangeTag=9m, values={
active = 1;
createdAt = "2018-11-23 15:22:34 +0000";
current = 1;
password = Pm7cRXzA;
selectedAt = "2018-11-23 15:22:34 +0000";
site = "<CKReference: 0x2827a0c40; recordID=<CKRecordID: 0x2827a1e40; recordName=3BE02027-328C-45D2-8878-1ABAFCE973CC, zoneID=com.gmail.jun1ro1.TresorMockup_Zone:__defaultOwner__>>";
uuid = "5B7C3441-3A4B-4778-A656-4E5305620B9D";
}, recordType=Password>
{
creatorUserRecordID -> <CKRecordID: 0x2827a3920; recordName=__defaultOwner__, zoneID=_defaultZone:__defaultOwner__>
lastModifiedUserRecordID -> <CKRecordID: 0x2827a32a0; recordName=__defaultOwner__, zoneID=_defaultZone:__defaultOwner__>
creationDate -> 2018-11-23 15:22:38 +0000
modificationDate -> 2018-11-23 15:22:38 +0000
modifiedByDevice -> iPhone 5s
site -> <CKReference: 0x2827a0c40; recordID=<CKRecordID: 0x2827a1e40; recordName=3BE02027-328C-45D2-8878-1ABAFCE973CC, zoneID=com.gmail.jun1ro1.TresorMockup_Zone:__defaultOwner__>>
password -> "Pm7cRXzA"
current -> 1 (type q)
active -> 1 (type q)
selectedAt -> 2018-11-23 15:22:34 +0000
uuid -> "5B7C3441-3A4B-4778-A656-4E5305620B9D"
createdAt -> 2018-11-23 15:22:34 +0000
}

(lldb) po object
<TresorMockup.Password: 0x2804d0a00> (entity: Password; id: 0x2827a0420 <x-coredata:///Password/tBBE18335-7F15-4B55-A5E2-FF5282E0617A4> ; data: {
active = 1;
createdAt = "2018-11-23 15:22:34 +0000";
current = 1;
password = Pm7cRXzA;
selectedAt = "2018-11-23 15:22:34 +0000";
site = "0xb11ea38d69b905b1 <x-coredata://FA6A36BE-60F9-4C09-AFE9-9FE2663AFCE3/Site/p8>";
uuid = "5B7C3441-3A4B-4778-A656-4E5305620B9D";
})

(lldb) 




=================
BEFORE
(lldb) po object
<TresorMockup.Password: 0x2804c6080> (entity: Password; id: 0xb11ea38d69ad05b3 <x-coredata://FA6A36BE-60F9-4C09-AFE9-9FE2663AFCE3/Password/p13> ; data: {
active = 1;
createdAt = "2018-11-23 14:55:30 +0000";
current = 1;
password = PddQp1k4;
selectedAt = "2018-11-23 14:55:30 +0000";
site = "0xb11ea38d69b905b1 <x-coredata://FA6A36BE-60F9-4C09-AFE9-9FE2663AFCE3/Site/p8>";
uuid = "584B95AE-1DE2-4E94-A3DB-50F4A84D019F";
})


AFTER
(lldb) po object
<TresorMockup.Password: 0x2804c6080> (entity: Password; id: 0xb11ea38d69ad05b3 <x-coredata://FA6A36BE-60F9-4C09-AFE9-9FE2663AFCE3/Password/p13> ; data: {
active = 1;
createdAt = "2018-11-23 14:55:30 +0000";
current = 0;
password = PddQp1k4;
selectedAt = "2018-11-23 14:55:30 +0000";
site = "0xb11ea38d69b905b1 <x-coredata://FA6A36BE-60F9-4C09-AFE9-9FE2663AFCE3/Site/p8>";
uuid = "584B95AE-1DE2-4E94-A3DB-50F4A84D019F";
})


00:27:42.597 0x283201b80 üíö DEBUG CloudKitManager.checkUpdates():308 - CKFetchRecordZoneChangesOperation obj = <TresorMockup.Password: 0x2804d0a00> (entity: Password; id: 0x2827a0420 <x-coredata:///Password/tBBE18335-7F15-4B55-A5E2-FF5282E0617A4> ; data: {
active = 1;
createdAt = "2018-11-23 15:22:34 +0000";
current = 1;
password = Pm7cRXzA;
selectedAt = "2018-11-23 15:22:34 +0000";
site = "0xb11ea38d69b905b1 <x-coredata://FA6A36BE-60F9-4C09-AFE9-9FE2663AFCE3/Site/p8>";
uuid = "5B7C3441-3A4B-4778-A656-4E5305620B9D";
})


(lldb) po record
<CKRecord: 0x11de41470; recordID=584B95AE-1DE2-4E94-A3DB-50F4A84D019F:(com.gmail.jun1ro1.TresorMockup_Zone:__defaultOwner__), recordChangeTag=9l, values={
active = 1;
createdAt = "2018-11-23 14:55:30 +0000";
current = 0;
password = PddQp1k4;
selectedAt = "2018-11-23 14:55:30 +0000";
site = "<CKReference: 0x2827ac880; recordID=<CKRecordID: 0x2827ad080; recordName=3BE02027-328C-45D2-8878-1ABAFCE973CC, zoneID=com.gmail.jun1ro1.TresorMockup_Zone:__defaultOwner__>>";
uuid = "584B95AE-1DE2-4E94-A3DB-50F4A84D019F";
}, recordType=Password>
{
creatorUserRecordID -> <CKRecordID: 0x2827ad2e0; recordName=__defaultOwner__, zoneID=_defaultZone:__defaultOwner__>
lastModifiedUserRecordID -> <CKRecordID: 0x2827ad400; recordName=__defaultOwner__, zoneID=_defaultZone:__defaultOwner__>
creationDate -> 2018-11-23 14:55:36 +0000
modificationDate -> 2018-11-23 15:22:38 +0000
modifiedByDevice -> iPhone 5s
site -> <CKReference: 0x2827ac880; recordID=<CKRecordID: 0x2827ad080; recordName=3BE02027-328C-45D2-8878-1ABAFCE973CC, zoneID=com.gmail.jun1ro1.TresorMockup_Zone:__defaultOwner__>>
password -> "PddQp1k4"
current -> 0 (type q)
active -> 1 (type q)
selectedAt -> 2018-11-23 14:55:30 +0000
uuid -> "584B95AE-1DE2-4E94-A3DB-50F4A84D019F"
createdAt -> 2018-11-23 14:55:30 +0000
}

(lldb) po object
<TresorMockup.Password: 0x2804c6080> (entity: Password; id: 0xb11ea38d69ad05b3 <x-coredata://FA6A36BE-60F9-4C09-AFE9-9FE2663AFCE3/Password/p13> ; data: {
active = 1;
createdAt = "2018-11-23 14:55:30 +0000";
current = 0;
password = PddQp1k4;
selectedAt = "2018-11-23 14:55:30 +0000";
site = "0xb11ea38d69b905b1 <x-coredata://FA6A36BE-60F9-4C09-AFE9-9FE2663AFCE3/Site/p8>";
uuid = "584B95AE-1DE2-4E94-A3DB-50F4A84D019F";
})

(lldb)
